C51 COMPILER V9.60.0.0   MAIN                                                              01/15/2021 17:38:41 PAGE 1   


C51 COMPILER V9.60.0.0, COMPILATION OF MODULE MAIN
OBJECT MODULE PLACED IN .\Output\main.obj
COMPILER INVOKED BY: D:\Keil_v5\C51\BIN\C51.EXE User\main.c OPTIMIZE(8,SPEED) BROWSE INCDIR(.\User\Inc;.\Driver\Inc;.\Us
                    -er;D:\Keil_v5\C51\INC\SiLABS\shared\si8051Base) DEBUG OBJECTEXTEND PRINT(.\Listings\main.lst) TABS(2) OBJECT(.\Output\ma
                    -in.obj)

line level    source

   1          #include <reg52.h>
   2          #include "commond.h"
   3          #include "uart.h"
   4          
   5          sbit dir=P2^0;
   6          sbit pul =P2^1;
   7          
   8          #define MAX_BUFF_value 18
   9          u8 mbuf[MAX_BUFF_value];
  10          u8 buf[MAX_BUFF_value];
  11          /****************************************/
  12          u16 uart_idle_count;//空闲计数
  13          u8 uart_readbuf_count;//读取字节数计数
  14          /****************************************/
  15          u32 MotorStep = 50000;//电机步长
  16          u32 pwm_count = 0;//pwm计数
  17          u32 pos = 0;//电机当前位置
  18          u16 motor_speed=40;//电机速度
  19          bit motor_dir;//电机方向
  20          bit motor_move;//电机运动状态
  21          u8 status_data[20];
  22          /****************************************/
  23          
  24          void delay(u32 i)
  25          {
  26   1        while(i--); 
  27   1      }
  28          
  29          void Timer0Init()
  30          {
  31   1        TMOD|=0X01;//选择为定时器0模式，工作方式1，仅用TR0打开启动。
  32   1        TH0=0XFC; //给定时器赋初值，定时1ms
  33   1        TL0=0X18; 
  34   1        ET0=1;//打开定时器0中断允许
  35   1        EA=1;//打开总中断
  36   1        TR0=1;//打开定时器     
  37   1      }
  38          
  39          int main()
  40          {
  41   1        Timer0Init();  //定时器0初始化
  42   1        uart_init(9600);
  43   1        dir=0;
  44   1        pul=0;
  45   1        delay(5000);
  46   1        while(1)
  47   1        {
  48   2         if(motor_move)
  49   2         {
  50   3            delay(motor_speed);
  51   3          pul=~pul;
  52   3           pos++;
  53   3           if((++pwm_count)>=MotorStep)
C51 COMPILER V9.60.0.0   MAIN                                                              01/15/2021 17:38:41 PAGE 2   

  54   3           {
  55   4            
  56   4             pwm_count=0;
  57   4             motor_move=0;
  58   4           }
  59   3           
  60   3         }
  61   2        }
  62   1      }
  63          
  64          void Timer0() interrupt 1
  65          {
  66   1        TH0=0XFC; //给定时器赋初值，定时1ms
  67   1        TL0=0X18;
  68   1      if(uart_readbuf_count!=0)
  69   1        {
  70   2          if(++uart_idle_count>20)
  71   2          {
  72   3            uart_idle_count=0;
  73   3            uart_readbuf_count=0;
  74   3           if (mbuf[0] != 0x30 || mbuf[1] != 0xff) {
  75   4            return;
  76   4          }
  77   3          if (mbuf[2] == 0x00) { //设置移动步数
  78   4            MotorStep = mbuf[3];
  79   4            return;
  80   4          } else if (mbuf[2] == 0x01) { //移动
  81   4            motor_dir=(mbuf[3]==0x00)?0:1;
  82   4            
  83   4            motor_speed=(mbuf[4]&0xff)<<8|(mbuf[5]&0xff);
  84   4            motor_speed=(motor_speed>80)?80:motor_speed;
  85   4            motor_speed=(motor_speed<2)?2:motor_speed;
  86   4            MotorStep=((mbuf[6]&0xff)<<8|(mbuf[7]&0xff)<<16)|(mbuf[8]&0xff)<<8|(mbuf[9]&0xff);
  87   4            MotorStep=(MotorStep<0)?0:MotorStep;
  88   4            
  89   4            dir=motor_dir;
  90   4            motor_move=1;
  91   4            //send8bit(0x30);
  92   4            return;
  93   4          } else if (mbuf[2] == 0x02) { //停止
  94   4            motor_move=0;
  95   4            return;
  96   4          } else if (mbuf[2] == 0x03) { //查询
  97   4            
  98   4            sprintf(status_data, "%d,%d,%d\n", pos,MotorStep,motor_dir);
  99   4            send(status_data, sizeof(status_data));
 100   4            return;
 101   4          }
 102   3            
 103   3          }
 104   2        }
 105   1      }
 106          
 107          
 108          void Usart() interrupt 4
 109          {
 110   1          if(RI == 1) {  //如果收到.
 111   2            RI = 0;      //清除标志.
 112   2            uart_idle_count=0;
 113   2            if(uart_readbuf_count<MAX_BUFF_value)
 114   2            { 
 115   3              mbuf[uart_readbuf_count++]=SBUF;
C51 COMPILER V9.60.0.0   MAIN                                                              01/15/2021 17:38:41 PAGE 3   

 116   3              uart_idle_count=0;
 117   3            }
 118   2          }
 119   1      }


MODULE INFORMATION:   STATIC OVERLAYABLE
   CODE SIZE        =    573    ----
   CONSTANT SIZE    =     10    ----
   XDATA SIZE       =   ----    ----
   PDATA SIZE       =   ----    ----
   DATA SIZE        =     73       4
   IDATA SIZE       =   ----    ----
   BIT SIZE         =      2    ----
END OF MODULE INFORMATION.


C51 COMPILATION COMPLETE.  0 WARNING(S),  0 ERROR(S)
